Berry panel: sleepy. Baseline (Sleepy's route, Joker's sets): 10,476,891,568 mean over 12 seed(s) (min 10,112,650,616, max 10,729,076,864)
Best found: 10,635,161,562 (1.51%) via mikuSet=hope_ruin, wonderB3=rakunda, wonderB4=theoria
Checkpoints best vs baseline (points): T18 14,726,610 / 14,624,516 | B1 130,291,966 / 129,070,272 | B2 1,180,012,043 / 1,169,095,650 | B3 1,252,901,999 / 1,240,331,555 | B4 1,329,270,195 / 1,309,486,446

Single-change sensitivity (delta vs baseline):
  mikuSet=hope_ruin              +96,633,932
  wonderB4=rakunda               +52,624,404
  wonderB3=rakunda               +15,061,350
  wonderB4=tarukaja              +14,737,986
  medicineB4=attack_tablet       +6,791,430
  marianB4=s1                    +5,208,674
  wonderB2=rakunda               +4,931,798
  wonderB2=venomous              -4,712,266
  wonderB4=theoria               -14,998,166
  wonderB4=matarukaja            -14,998,166
  medicineB4=dot_up              -42,981,828
  medicineB4=highlight_up        -42,981,828
  wonderB3=tarukaja              -54,409,312
  wonderB2=tarukaja              -80,011,188
  wonderT16=matarukaja           -92,014,342
  wonderT16=rakunda              -94,377,460
  wonderT16=tarukaja             -94,377,460
  wonderT16=theoria              -94,377,460
  wonderB3=venomous              -98,473,422
  marianT16=s1                   -101,212,914
  wonderB3=matarukaja            -112,199,998
  medicineB4=none                -128,589,790
  wonderB2=theoria               -133,687,296
  jcSet=harmony_victory          -170,103,786
  medicineT17=highlight_up       -299,911,222
  medicineT17=none               -307,073,774
  wonderT18=venomous             -333,619,202
  wonderT18=matarukaja           -369,209,074
  medicineB2=attack_tablet       -369,674,506
  medicineT17=fighter_salve      -376,079,566
  medicineT17=attack_tablet      -385,374,088
  wonderT18=rakunda              -391,639,350
  wonderT18=theoria              -431,574,784
  medicineB2=highlight_up        -466,263,554
  medicineB2=none                -466,263,554
  medicineB2=fighter_salve       -500,214,362
  medicineB1=attack_tablet       -573,892,056
  medicineB1=highlight_up        -617,408,786
  wonderB1=venomous              -691,370,802
  marianB1=s1                    -693,688,474
  medicineB1=dot_up              -702,585,486
  medicineT18=highlight_up       -712,090,840
  marianT17=s2                   -738,352,486
  wonderB1=matarukaja            -739,592,716
  wonderB1=rakunda               -748,201,230
  wonderB1=tarukaja              -793,542,414
  medicineT18=fighter_salve      -796,108,158
  medicineT18=none               -823,147,650
  medicineT18=dot_up             -837,588,826
  wonderT17=venomous             -933,929,062
  wonderT17=matarukaja           -960,352,514
  wonderT17=theoria              -1,032,773,934
  wonderT17=tarukaja             -1,044,145,970
  medicineB1=none                -1,171,121,464
  berryB2=s3                     -1,630,844,852
  concertAt=B2                   illegal at B1 Marian Highlight on Berry: B1 Marian Highlight on Berry is not legal at this checkpoint.
  concertAt=B3                   illegal at B1 Marian Highlight on Berry: B1 Marian Highlight on Berry is not legal at this checkpoint.
  marianT16=s3                   illegal at T16 Marian S3 on Berry: T16 Marian S3 on Berry is not legal at this checkpoint.
  marianT17=s3                   illegal at T17 Marian S3 on Berry: T17 Marian S3 on Berry is not legal at this checkpoint.
  marianT18=s2                   illegal at B1 Marian fighter_salve on Berry: B1 Marian fighter_salve on Berry is not legal at this checkpoint.
  marianT18=s1                   illegal at B1 Marian fighter_salve on Berry: B1 Marian fighter_salve on Berry is not legal at this checkpoint.
  marianB1=s3                    illegal at B1 Marian S3 on Berry: B1 Marian S3 on Berry is not legal at this checkpoint.
  marianB3=s2                    illegal at B4 Marian fighter_salve on Berry: B4 Marian fighter_salve on Berry is not legal at this checkpoint.
  marianB3=s1                    illegal at B4 Marian fighter_salve on Berry: B4 Marian fighter_salve on Berry is not legal at this checkpoint.
  marianB4=s3                    illegal at B4 Marian S3 on Berry: B4 Marian S3 on Berry is not legal at this checkpoint.
  medicineB3=dot_up              illegal at B3 Marian dot_up on Berry: B3 Marian dot_up on Berry is not legal at this checkpoint.
  medicineB3=attack_tablet       illegal at B3 Marian attack_tablet on Berry: B3 Marian attack_tablet on Berry is not legal at this checkpoint.
  medicineB3=fighter_salve       illegal at B3 Marian fighter_salve on Berry: B3 Marian fighter_salve on Berry is not legal at this checkpoint.
  medicineB3=highlight_up        illegal at B3 Marian highlight_up on Berry: B3 Marian highlight_up on Berry is not legal at this checkpoint.
  berryB1=alt_s3                 illegal at B2 Berry Alt S3 boss: B2 Berry Alt S3 boss is not legal at this checkpoint.
  berryB3=alt_s3                 illegal at B3 Berry Alt S3 boss: B3 Berry Alt S3 boss is not legal at this checkpoint.
  berryB4=alt_s3                 illegal at B4 Berry Alt S3 boss: B4 Berry Alt S3 boss is not legal at this checkpoint.

Evaluated 481 candidates, 387 legal, 110541 ms. Top:
  10,644,624,406  mikuSet=hope_ruin, wonderB2=venomous, wonderB4=rakunda, medicineB4=attack_tablet
  10,643,384,648  mikuSet=hope_ruin, wonderB2=venomous, wonderB3=rakunda, wonderB4=theoria
  10,642,221,418  mikuSet=hope_ruin, wonderB3=rakunda, wonderB4=theoria, medicineB4=attack_tablet
  10,641,197,484  mikuSet=hope_ruin, wonderB2=venomous, wonderB4=rakunda, marianB4=s1
  10,640,945,704  mikuSet=hope_ruin, wonderB3=rakunda, wonderB4=theoria, marianB4=s1
  10,639,559,018  mikuSet=hope_ruin, wonderB4=rakunda, marianB4=s1, medicineB4=attack_tablet
  10,635,381,878  mikuSet=hope_ruin, wonderB2=venomous, wonderB4=rakunda
  10,635,161,562  mikuSet=hope_ruin, wonderB3=rakunda, wonderB4=theoria
  10,633,583,610  mikuSet=hope_ruin, wonderB4=rakunda, medicineB4=attack_tablet
  10,632,307,896  mikuSet=hope_ruin, wonderB4=rakunda, marianB4=s1
  10,626,523,754  mikuSet=hope_ruin, wonderB4=rakunda
  10,604,617,854  mikuSet=hope_ruin, wonderB3=rakunda, wonderB4=tarukaja
